// Jest Snapshot v1, https://jestjs.io/docs/snapshot-testing

exports[`Dashboard Page Snapshot matches snapshot for CEO user 1`] = `
<div
  data-testid="dashboard-layout"
>
  <div
    class="p-6 space-y-6"
  >
    <div
      class="flex justify-between items-center"
    >
      <h1
        class="text-3xl font-bold text-white"
      >
        Dashboard
      </h1>
      <button
        class="px-4 py-2 bg-blue-600 hover:bg-blue-700 disabled:bg-blue-800 disabled:opacity-50 text-white rounded-lg transition-colors"
        disabled=""
      >
        Loading...
      </button>
    </div>
    <div
      class="bg-slate-800/50 backdrop-blur-sm border border-slate-700 rounded-2xl p-6"
    >
      <h2
        class="text-xl font-semibold text-white mb-4"
      >
        Key Performance Indicators
      </h2>
      <div
        class="animate-pulse"
      >
        <div
          class="grid grid-cols-1 md:grid-cols-2 lg:grid-cols-4 gap-4"
        >
          <div
            class="bg-slate-700 h-24 rounded-lg"
          />
          <div
            class="bg-slate-700 h-24 rounded-lg"
          />
          <div
            class="bg-slate-700 h-24 rounded-lg"
          />
          <div
            class="bg-slate-700 h-24 rounded-lg"
          />
        </div>
      </div>
    </div>
    <div
      class="bg-slate-800/50 backdrop-blur-sm border border-slate-700 rounded-2xl p-6"
    >
      <h2
        class="text-xl font-semibold text-white mb-4"
      >
        Client Performance
      </h2>
      <div
        class="animate-pulse"
      >
        <div
          class="space-y-3"
        >
          <div
            class="bg-slate-700 h-16 rounded-lg"
          />
          <div
            class="bg-slate-700 h-16 rounded-lg"
          />
          <div
            class="bg-slate-700 h-16 rounded-lg"
          />
        </div>
      </div>
    </div>
    <div
      class="bg-slate-800/50 backdrop-blur-sm border border-slate-700 rounded-2xl p-6"
    >
      <h2
        class="text-xl font-semibold text-white mb-4"
      >
        Recent Campaigns
      </h2>
      <div
        class="animate-pulse"
      >
        <div
          class="space-y-3"
        >
          <div
            class="bg-slate-700 h-16 rounded-lg"
          />
          <div
            class="bg-slate-700 h-16 rounded-lg"
          />
          <div
            class="bg-slate-700 h-16 rounded-lg"
          />
        </div>
      </div>
    </div>
    <div
      class="bg-slate-800/50 backdrop-blur-sm border border-slate-700 rounded-2xl p-6"
    >
      <h2
        class="text-xl font-semibold text-white mb-4"
      >
        Agency Overview
      </h2>
      <div
        class="animate-pulse"
      >
        <div
          class="grid grid-cols-1 md:grid-cols-3 gap-4"
        >
          <div
            class="bg-slate-700 h-20 rounded-lg"
          />
          <div
            class="bg-slate-700 h-20 rounded-lg"
          />
          <div
            class="bg-slate-700 h-20 rounded-lg"
          />
        </div>
      </div>
    </div>
    <div
      class="fixed bottom-4 right-4 bg-slate-800 border border-slate-700 rounded-lg p-3 shadow-lg"
    >
      <div
        class="flex items-center space-x-2"
      >
        <div
          class="animate-spin rounded-full h-4 w-4 border-b-2 border-blue-600"
        />
        <span
          class="text-sm text-white"
        >
          Loading dashboard data...
        </span>
      </div>
    </div>
  </div>
</div>
`;

exports[`Dashboard Page Snapshot matches snapshot for authenticated admin user 1`] = `
<div
  data-testid="dashboard-layout"
>
  <div
    class="p-6 space-y-6"
  >
    <div
      class="flex justify-between items-center"
    >
      <h1
        class="text-3xl font-bold text-white"
      >
        Dashboard
      </h1>
      <button
        class="px-4 py-2 bg-blue-600 hover:bg-blue-700 disabled:bg-blue-800 disabled:opacity-50 text-white rounded-lg transition-colors"
        disabled=""
      >
        Loading...
      </button>
    </div>
    <div
      class="bg-slate-800/50 backdrop-blur-sm border border-slate-700 rounded-2xl p-6"
    >
      <h2
        class="text-xl font-semibold text-white mb-4"
      >
        Key Performance Indicators
      </h2>
      <div
        class="animate-pulse"
      >
        <div
          class="grid grid-cols-1 md:grid-cols-2 lg:grid-cols-4 gap-4"
        >
          <div
            class="bg-slate-700 h-24 rounded-lg"
          />
          <div
            class="bg-slate-700 h-24 rounded-lg"
          />
          <div
            class="bg-slate-700 h-24 rounded-lg"
          />
          <div
            class="bg-slate-700 h-24 rounded-lg"
          />
        </div>
      </div>
    </div>
    <div
      class="bg-slate-800/50 backdrop-blur-sm border border-slate-700 rounded-2xl p-6"
    >
      <h2
        class="text-xl font-semibold text-white mb-4"
      >
        Client Performance
      </h2>
      <div
        class="animate-pulse"
      >
        <div
          class="space-y-3"
        >
          <div
            class="bg-slate-700 h-16 rounded-lg"
          />
          <div
            class="bg-slate-700 h-16 rounded-lg"
          />
          <div
            class="bg-slate-700 h-16 rounded-lg"
          />
        </div>
      </div>
    </div>
    <div
      class="bg-slate-800/50 backdrop-blur-sm border border-slate-700 rounded-2xl p-6"
    >
      <h2
        class="text-xl font-semibold text-white mb-4"
      >
        Recent Campaigns
      </h2>
      <div
        class="animate-pulse"
      >
        <div
          class="space-y-3"
        >
          <div
            class="bg-slate-700 h-16 rounded-lg"
          />
          <div
            class="bg-slate-700 h-16 rounded-lg"
          />
          <div
            class="bg-slate-700 h-16 rounded-lg"
          />
        </div>
      </div>
    </div>
    <div
      class="bg-slate-800/50 backdrop-blur-sm border border-slate-700 rounded-2xl p-6"
    >
      <h2
        class="text-xl font-semibold text-white mb-4"
      >
        Agency Overview
      </h2>
      <div
        class="animate-pulse"
      >
        <div
          class="grid grid-cols-1 md:grid-cols-3 gap-4"
        >
          <div
            class="bg-slate-700 h-20 rounded-lg"
          />
          <div
            class="bg-slate-700 h-20 rounded-lg"
          />
          <div
            class="bg-slate-700 h-20 rounded-lg"
          />
        </div>
      </div>
    </div>
    <div
      class="fixed bottom-4 right-4 bg-slate-800 border border-slate-700 rounded-lg p-3 shadow-lg"
    >
      <div
        class="flex items-center space-x-2"
      >
        <div
          class="animate-spin rounded-full h-4 w-4 border-b-2 border-blue-600"
        />
        <span
          class="text-sm text-white"
        >
          Loading dashboard data...
        </span>
      </div>
    </div>
  </div>
</div>
`;

exports[`Dashboard Page Snapshot matches snapshot for loading state 1`] = `
<div
  data-testid="dashboard-layout"
>
  <div
    class="p-6 space-y-6"
  >
    <div
      class="flex justify-between items-center"
    >
      <h1
        class="text-3xl font-bold text-white"
      >
        Dashboard
      </h1>
      <button
        class="px-4 py-2 bg-blue-600 hover:bg-blue-700 disabled:bg-blue-800 disabled:opacity-50 text-white rounded-lg transition-colors"
        disabled=""
      >
        Loading...
      </button>
    </div>
    <div
      class="bg-slate-800/50 backdrop-blur-sm border border-slate-700 rounded-2xl p-6"
    >
      <h2
        class="text-xl font-semibold text-white mb-4"
      >
        Key Performance Indicators
      </h2>
      <div
        class="animate-pulse"
      >
        <div
          class="grid grid-cols-1 md:grid-cols-2 lg:grid-cols-4 gap-4"
        >
          <div
            class="bg-slate-700 h-24 rounded-lg"
          />
          <div
            class="bg-slate-700 h-24 rounded-lg"
          />
          <div
            class="bg-slate-700 h-24 rounded-lg"
          />
          <div
            class="bg-slate-700 h-24 rounded-lg"
          />
        </div>
      </div>
    </div>
    <div
      class="bg-slate-800/50 backdrop-blur-sm border border-slate-700 rounded-2xl p-6"
    >
      <h2
        class="text-xl font-semibold text-white mb-4"
      >
        Client Performance
      </h2>
      <div
        class="animate-pulse"
      >
        <div
          class="space-y-3"
        >
          <div
            class="bg-slate-700 h-16 rounded-lg"
          />
          <div
            class="bg-slate-700 h-16 rounded-lg"
          />
          <div
            class="bg-slate-700 h-16 rounded-lg"
          />
        </div>
      </div>
    </div>
    <div
      class="bg-slate-800/50 backdrop-blur-sm border border-slate-700 rounded-2xl p-6"
    >
      <h2
        class="text-xl font-semibold text-white mb-4"
      >
        Recent Campaigns
      </h2>
      <div
        class="animate-pulse"
      >
        <div
          class="space-y-3"
        >
          <div
            class="bg-slate-700 h-16 rounded-lg"
          />
          <div
            class="bg-slate-700 h-16 rounded-lg"
          />
          <div
            class="bg-slate-700 h-16 rounded-lg"
          />
        </div>
      </div>
    </div>
    <div
      class="bg-slate-800/50 backdrop-blur-sm border border-slate-700 rounded-2xl p-6"
    >
      <h2
        class="text-xl font-semibold text-white mb-4"
      >
        Agency Overview
      </h2>
      <div
        class="animate-pulse"
      >
        <div
          class="grid grid-cols-1 md:grid-cols-3 gap-4"
        >
          <div
            class="bg-slate-700 h-20 rounded-lg"
          />
          <div
            class="bg-slate-700 h-20 rounded-lg"
          />
          <div
            class="bg-slate-700 h-20 rounded-lg"
          />
        </div>
      </div>
    </div>
    <div
      class="fixed bottom-4 right-4 bg-slate-800 border border-slate-700 rounded-lg p-3 shadow-lg"
    >
      <div
        class="flex items-center space-x-2"
      >
        <div
          class="animate-spin rounded-full h-4 w-4 border-b-2 border-blue-600"
        />
        <span
          class="text-sm text-white"
        >
          Loading dashboard data...
        </span>
      </div>
    </div>
  </div>
</div>
`;

exports[`Dashboard Page Snapshot matches snapshot for unauthenticated user 1`] = `
<div
  data-testid="dashboard-layout"
>
  <div
    class="p-6 space-y-6"
  >
    <div
      class="flex justify-between items-center"
    >
      <h1
        class="text-3xl font-bold text-white"
      >
        Dashboard
      </h1>
      <button
        class="px-4 py-2 bg-blue-600 hover:bg-blue-700 disabled:bg-blue-800 disabled:opacity-50 text-white rounded-lg transition-colors"
        disabled=""
      >
        Loading...
      </button>
    </div>
    <div
      class="bg-slate-800/50 backdrop-blur-sm border border-slate-700 rounded-2xl p-6"
    >
      <h2
        class="text-xl font-semibold text-white mb-4"
      >
        Key Performance Indicators
      </h2>
      <div
        class="animate-pulse"
      >
        <div
          class="grid grid-cols-1 md:grid-cols-2 lg:grid-cols-4 gap-4"
        >
          <div
            class="bg-slate-700 h-24 rounded-lg"
          />
          <div
            class="bg-slate-700 h-24 rounded-lg"
          />
          <div
            class="bg-slate-700 h-24 rounded-lg"
          />
          <div
            class="bg-slate-700 h-24 rounded-lg"
          />
        </div>
      </div>
    </div>
    <div
      class="bg-slate-800/50 backdrop-blur-sm border border-slate-700 rounded-2xl p-6"
    >
      <h2
        class="text-xl font-semibold text-white mb-4"
      >
        Client Performance
      </h2>
      <div
        class="animate-pulse"
      >
        <div
          class="space-y-3"
        >
          <div
            class="bg-slate-700 h-16 rounded-lg"
          />
          <div
            class="bg-slate-700 h-16 rounded-lg"
          />
          <div
            class="bg-slate-700 h-16 rounded-lg"
          />
        </div>
      </div>
    </div>
    <div
      class="bg-slate-800/50 backdrop-blur-sm border border-slate-700 rounded-2xl p-6"
    >
      <h2
        class="text-xl font-semibold text-white mb-4"
      >
        Recent Campaigns
      </h2>
      <div
        class="animate-pulse"
      >
        <div
          class="space-y-3"
        >
          <div
            class="bg-slate-700 h-16 rounded-lg"
          />
          <div
            class="bg-slate-700 h-16 rounded-lg"
          />
          <div
            class="bg-slate-700 h-16 rounded-lg"
          />
        </div>
      </div>
    </div>
    <div
      class="bg-slate-800/50 backdrop-blur-sm border border-slate-700 rounded-2xl p-6"
    >
      <h2
        class="text-xl font-semibold text-white mb-4"
      >
        Agency Overview
      </h2>
      <div
        class="animate-pulse"
      >
        <div
          class="grid grid-cols-1 md:grid-cols-3 gap-4"
        >
          <div
            class="bg-slate-700 h-20 rounded-lg"
          />
          <div
            class="bg-slate-700 h-20 rounded-lg"
          />
          <div
            class="bg-slate-700 h-20 rounded-lg"
          />
        </div>
      </div>
    </div>
    <div
      class="fixed bottom-4 right-4 bg-slate-800 border border-slate-700 rounded-lg p-3 shadow-lg"
    >
      <div
        class="flex items-center space-x-2"
      >
        <div
          class="animate-spin rounded-full h-4 w-4 border-b-2 border-blue-600"
        />
        <span
          class="text-sm text-white"
        >
          Loading dashboard data...
        </span>
      </div>
    </div>
  </div>
</div>
`;

exports[`Dashboard Page Snapshot matches snapshot for unauthorized user 1`] = `
<div
  data-testid="dashboard-layout"
>
  <div
    class="p-6 space-y-6"
  >
    <div
      class="flex justify-between items-center"
    >
      <h1
        class="text-3xl font-bold text-white"
      >
        Dashboard
      </h1>
      <button
        class="px-4 py-2 bg-blue-600 hover:bg-blue-700 disabled:bg-blue-800 disabled:opacity-50 text-white rounded-lg transition-colors"
        disabled=""
      >
        Loading...
      </button>
    </div>
    <div
      class="bg-slate-800/50 backdrop-blur-sm border border-slate-700 rounded-2xl p-6"
    >
      <h2
        class="text-xl font-semibold text-white mb-4"
      >
        Key Performance Indicators
      </h2>
      <div
        class="animate-pulse"
      >
        <div
          class="grid grid-cols-1 md:grid-cols-2 lg:grid-cols-4 gap-4"
        >
          <div
            class="bg-slate-700 h-24 rounded-lg"
          />
          <div
            class="bg-slate-700 h-24 rounded-lg"
          />
          <div
            class="bg-slate-700 h-24 rounded-lg"
          />
          <div
            class="bg-slate-700 h-24 rounded-lg"
          />
        </div>
      </div>
    </div>
    <div
      class="bg-slate-800/50 backdrop-blur-sm border border-slate-700 rounded-2xl p-6"
    >
      <h2
        class="text-xl font-semibold text-white mb-4"
      >
        Client Performance
      </h2>
      <div
        class="animate-pulse"
      >
        <div
          class="space-y-3"
        >
          <div
            class="bg-slate-700 h-16 rounded-lg"
          />
          <div
            class="bg-slate-700 h-16 rounded-lg"
          />
          <div
            class="bg-slate-700 h-16 rounded-lg"
          />
        </div>
      </div>
    </div>
    <div
      class="bg-slate-800/50 backdrop-blur-sm border border-slate-700 rounded-2xl p-6"
    >
      <h2
        class="text-xl font-semibold text-white mb-4"
      >
        Recent Campaigns
      </h2>
      <div
        class="animate-pulse"
      >
        <div
          class="space-y-3"
        >
          <div
            class="bg-slate-700 h-16 rounded-lg"
          />
          <div
            class="bg-slate-700 h-16 rounded-lg"
          />
          <div
            class="bg-slate-700 h-16 rounded-lg"
          />
        </div>
      </div>
    </div>
    <div
      class="bg-slate-800/50 backdrop-blur-sm border border-slate-700 rounded-2xl p-6"
    >
      <h2
        class="text-xl font-semibold text-white mb-4"
      >
        Agency Overview
      </h2>
      <div
        class="animate-pulse"
      >
        <div
          class="grid grid-cols-1 md:grid-cols-3 gap-4"
        >
          <div
            class="bg-slate-700 h-20 rounded-lg"
          />
          <div
            class="bg-slate-700 h-20 rounded-lg"
          />
          <div
            class="bg-slate-700 h-20 rounded-lg"
          />
        </div>
      </div>
    </div>
    <div
      class="fixed bottom-4 right-4 bg-slate-800 border border-slate-700 rounded-lg p-3 shadow-lg"
    >
      <div
        class="flex items-center space-x-2"
      >
        <div
          class="animate-spin rounded-full h-4 w-4 border-b-2 border-blue-600"
        />
        <span
          class="text-sm text-white"
        >
          Loading dashboard data...
        </span>
      </div>
    </div>
  </div>
</div>
`;
